---
source: basalt/src/explorer.rs
expression: terminal.backend()
---
"┏ Test ━━━━━━━━━━━━━━━━ ↓𝌆 ◀ ┓"
"┃ ▾ TestDir                  ┃"
"┃ │ ▸ Notes                  ┃"
"┃ │ ▸ Amber Specs            ┃"
"┃ │   Andesite               ┃"
"┃                            ┃"
"┃                            ┃"
"┃                            ┃"
"┃                            ┃"
"┗━━━━━━━━━━━━━━━━━━━━━━━━━━━━┛"
